Title: 再帰的なreallocの使用
Type: BugType.logic_bug
Suggestion:
reallocを再帰的に呼び出すと、メモリリークが発生する可能性があります。新しいポインタを使用して、reallocの結果を保持する必要があります。
  in  /Users/qwertyrockson/wolfssl/wolfcrypt/src/memory.c
From:
  58 void *z_realloc(void *ptr, size_t size)
  59 {
  60     if (ptr == NULL)
  61         ptr = malloc(size);
  62     else
  63         ptr = realloc(ptr, size);
  64
  65     return ptr;
  66 }
Into:
     void *z_realloc(void *ptr, size_t size)
     {
         void* new_ptr;
         if (ptr == NULL)
             new_ptr = malloc(size);
         else
             new_ptr = realloc(ptr, size);

         return new_ptr;
     }


Title: メモリアライメントの不適切な使用
Type: BugType.logic_bug
Suggestion:
mallocで割り当てられたメモリの先頭にサイズ情報を格納すると、アライメントが崩れる可能性があります。メモリアライメントを保つために、追加のス
ペースを確保し、サイズ情報を割り当てられたメモリの末尾に格納する必要があります。
  in  /Users/qwertyrockson/wolfssl/wolfcrypt/src/memory.c
From:
  178 #define MEM_ALIGN       16
  179 ...
  180 res = malloc(size);
  181 ...
  182 *(size_t*)res = size;
  183 res = ((unsigned char*)res) + MEM_ALIGN;
Into:
      res = malloc(size + MEM_ALIGN);
      if (res != NULL) {
          *(size_t*)((unsigned char*)res + size) = size;
          res = ((unsigned char*)res) + MEM_ALIGN;
      }


Title: スレッドローカルストレージの使用
Type: BugType.logic_bug
Suggestion:
スレッドローカルストレージ（TLS）が利用できない環境では、このコードはコンパイルエラーを引き起こします。TLSが利用できない場合の代替手段を提
供するか、TLSの使用を必須としない設計を検討する必要があります。
  in  /Users/qwertyrockson/wolfssl/wolfcrypt/src/memory.c
From:
  1236 #ifndef HAVE_THREAD_LS
  1237     #error "Oops, simple I/O pool example needs thread local storage"
  1238 #endif
Into:


Title: メモリリークの可能性
Type: BugType.resource_leak_bug
Suggestion:
wolfSSL_Malloc関数内でmallocを使用してメモリを割り当てていますが、エラーが発生した場合や割り当てられたメモリが適切に解放されない場合、メモ
リリークが発生する可能性があります。メモリ割り当ての失敗を適切に処理し、使用後にメモリを解放することを確認する必要があります。
  in  /Users/qwertyrockson/wolfssl/wolfcrypt/src/memory.c
From:
  855 void* wolfSSL_Malloc(size_t size, void* heap, int type)
  856 ...
  857 void* res = 0;
  858 ...
  859 res = malloc(size);
  860 ...
  861 return res;
Into:


Summary
コードレビューの結果、再帰的なreallocの使用、メモリアライメントの不適切な使用、スレッドローカルストレージの使用、メモリリークの可能性という
4つのバグが見つかりました。これらの問題を解決するための提案を含む修正案を提供しました。
