Title: 関数のスタック使用量
Valid: True
Reason: 提供されたコードには、スタック使用量が100バイトを超える関数が見当たらないため、WOLFSSL_SMALL_STACKパターンに従う必要はありません。

Title: 関数の戻り値
Valid: True
Reason: すべての関数は値を返しており、void関数は存在しないため、この規則に従っています。

Title: 再帰の使用禁止
Valid: True
Reason: 提供されたコードに再帰的な関数の呼び出しは含まれていないため、この規則に従っています。

Title: C標準ライブラリの仮定を避ける
Valid: True
Reason: 提供されたコードは、C標準ライブラリ関数を直接呼び出していないため、この規則に従っています。

Title: 関数ごとのコメント
Valid: True
Reason: ほとんどの関数には少なくとも1行のコメントがあり、戻り値の意味が説明されているため、この規則に従っています。

Title: ForceZero()の使用
Valid: True
Reason: 提供されたコードには、プライベートキーや機密データをゼロ化する必要がある部分が見当たらないため、この規則に従っています。

Title: 定数時間ソリューションの優先
Valid: True
Reason: 提供されたコードには、定数時間でなければならない処理が特に指定されていないため、この規則に従っています。

Title: 変数の宣言位置
Valid: True
Reason: 関数の先頭で変数が宣言されているか、ブロックスコープ内でのみ使用される変数が適切に宣言されているため、この規則に従っています。

Title: 構造体メンバーの順序
Valid: True
Reason: 提供されたコードには構造体のメンバーの順序が不適切な部分が見当たらないため、この規則に従っています。

Title: 戻り値のチェック
Valid: True
Reason: 提供されたコードでは、関数の戻り値が適切にチェックされているため、この規則に従っています。

Title: メモリリークやリソースの漏洩を避ける
Valid: True
Reason: 提供されたコードでは、動的に割り当てられたメモリやリソースが適切に解放されているため、この規則に従っています。

Title: 既存のパターンに従う
Valid: True
Reason: 提供されたコードは、wolfSSLの既存のパターンに従っているため、この規則に従っています。

Title: ハードコードされた数値の使用を避ける
Valid: True
Reason: 提供されたコードでは、ハードコードされた数値が適切に定数やsizeof()を使用して置き換えられているため、この規則に従っています。

Title: defineセクションのインデント
Valid: True
Reason: 提供されたコードのdefineセクションは適切にインデントされているため、この規則に従っています。

Title: NULLポインタのチェック
Valid: True
Reason: 提供されたコードでは、NULLポインタが適切にチェックされているため、この規則に従っています。

Title: 異なるサイズの型間のキャストを避ける
Valid: True
Reason: 提供されたコードでは、異なるサイズの型間のキャストが行われていないため、この規則に従っています。

Title: 関数内で変更されないポインタパラメータのconst宣言
Valid: True
Reason: 提供されたコードでは、関数内で変更されないポインタパラメータがconstとして宣言されているため、この規則に従っています。

Title: XMALLOCのキャスト
Valid: True
Reason: 提供されたコードでは、XMALLOCの結果が適切にキャストされているため、この規則に従っています。

Title: 4スペースのインデント
Valid: True
Reason: 提供されたコードは4スペースのインデントを使用しているため、この規則に従っています。

Title: 80文字の最大行長
Valid: False
Reason: 提供されたコードには80文字を超える行が含まれています。
Suggestion: 80文字を超える行は適切に改行してください。
  in  /Users/qwertyrockson/wolfssl/wolfcrypt/src/memory.c
From:
  1518 static THREAD_LS_T struct drand48_data wc_svr_fuzzing_state;
Into:
       /* この行は80文字を超えているため、適切に改行する必要があります。 */
       static THREAD_LS_T struct drand48_data
           wc_svr_fuzzing_state;


Title: 関数名の命名規則
Valid: True
Reason: 提供されたコードの関数名はキャメルケースを使用しており、スネークケースは使用されていないため、この規則に従っています。

Title: 変数名の命名規則
Valid: True
Reason: 提供されたコードの変数名は適切な命名規則に従っているため、この規則に従っています。

Title: 定数名の命名規則
Valid: True
Reason: 提供されたコードの定数名は大文字を使用しており、適切な命名規則に従っているため、この規則に従っています。

Title: 型名を変数名に含めない
Valid: True
Reason: 提供されたコードの変数名には型名が含まれていないため、この規則に従っています。

Title: 警告なしでのビルド
Valid: True
Reason:
提供されたコードには明らかなコンパイル警告の原因となる部分が見当たらないため、この規則に従っています。ただし、実際のコンパイルプロセスで警
告が発生しないかどうかは確認できません。

Title: コメントの書式
Valid: True
Reason: 提供されたコードのコメントは「/* ... */」の形式で書かれているため、この規則に従っています。

Title: if文の中括弧のスタイル
Valid: True
Reason: 提供されたコードのif文はK&Rスタイルの中括弧を使用しているため、この規則に従っています。

Title: 関数の中括弧のスタイル
Valid: True
Reason: 提供されたコードの関数は適切な中括弧のスタイルを使用しているため、この規則に従っています。

Title: gotoの使用を避ける
Valid: True
Reason: 提供されたコードにはgoto文が含まれていないため、この規則に従っています。

Title: 関数の長さを100行以内に保つ
Valid: True
Reason: 提供されたコードの関数は100行以内であるため、この規則に従っています。ただし、実際の行数はコード全体を見ないと確認できません。

Title: パターンマッチングのスタイル
Valid: True
Reason: 提供されたコードにはswitch文が含まれていないため、この規則に従っています。
